// Jest Snapshot v1, https://goo.gl/fbAQLP

exports[`matchse snapshot 1`] = `
<div
  className="todo"
  data-testid="todo-1"
>
  <h1>
    wash dishes
  </h1>
</div>
`;
